# serializer version: 1
# name: test_diagnostics_collection
  dict({
    'devices': list([
      dict({
        'device': dict({
          'activeTime': 1672364449,
          'deviceStatus': dict({
            '120': 0,
            '121': 8,
            '122': 100,
            '123': 102,
            '124': 203,
            '125': 94,
            '126': 90,
            '127': 87,
            '128': 0,
            '133': 1,
          }),
          'duid': '******bc123',
          'extra': '{"RRPhotoPrivacyVersion": "1"}',
          'featureSet': '2234201184108543',
          'fv': '02.56.02',
          'iconUrl': 'no_url',
          'localKey': '**REDACTED**',
          'name': '**REDACTED**',
          'newFeatureSet': '0000000000002041',
          'online': True,
          'productId': '**REDACTED**',
          'pv': '1.0',
          'roomId': 2362003,
          'share': False,
          'silentOtaSwitch': True,
          'sn': '**REDACTED**',
          'timeZoneId': 'America/Los_Angeles',
          'tuyaMigrated': False,
        }),
        'product': dict({
          'capability': 0,
          'category': 'robot.vacuum.cleaner',
          'code': 'a27',
          'id': '**REDACTED**',
          'model': 'roborock.vacuum.a27',
          'name': '**REDACTED**',
          'schema': '**REDACTED**',
        }),
        'traits': dict({
          'device_features': dict({
            'isActivateVideoChargingAndStandbySupported': False,
            'isAnalysisSupported': True,
            'isAnyStateTransitGotoSupported': False,
            'isAutoCollection2Supported': False,
            'isAutoDeliveryFieldInGlobalStatusSupported': False,
            'isAutoTearDownMopSupported': False,
            'isAvoidCollisionModeSupported': False,
            'isAvoidCollisionSupported': False,
            'isBackChargeAutoWashSupported': False,
            'isBackWashNewSmartSupported': False,
            'isCarefulSlowMopSupported': False,
            'isCarpetCustomCleanSupported': False,
            'isCarpetDeepCleanSupported': False,
            'isCarpetLongHairedExSupported': False,
            'isCarpetLongHairedSupported': False,
            'isCarpetPressureUseOriginParasSupported': False,
            'isCarpetShapeTypeSupported': False,
            'isCarpetShowOnMap': False,
            'isCarpetSupported': False,
            'isCes2022Supported': False,
            'isCleanCountSettingSupported': False,
            'isCleanDirectStatusSupported': False,
            'isCleanEfficiencySupported': False,
            'isCleanFluidDeliverySupported': False,
            'isCleanHistoryTimeLineSupported': False,
            'isCleanRouteDeepSlowPlusSupported': False,
            'isCleanRouteFastModeSupported': False,
            'isCleanRouteSettingSupported': True,
            'isCleanThenMopModeSupported': False,
            'isCleanTimeLineSupported': False,
            'isCollectDustCountShowSupported': False,
            'isCollectDustModeSupported': True,
            'isCornerCleanModeSupported': False,
            'isCornerMopStretchSupported': False,
            'isCtmWithRepeatSupported': False,
            'isCurrentMapRestoreEnabled': True,
            'isCustomCleanModeCountSupported': False,
            'isCustomModeSupported': True,
            'isCustomWaterBoxDistanceSupported': True,
            'isCustomizedCleanSupported': True,
            'isDetectWireCarpetSupported': False,
            'isDirtyObjectDetectSupported': False,
            'isDirtyReplenishCleanSupported': False,
            'isDryIntervalTimerSupported': False,
            'isDssBelievable': False,
            'isDualBandWiFiSupported': False,
            'isDustCollectionSettingSupported': False,
            'isDynamicallyAddCleanZonesSupported': False,
            'isDynamicallySkipCleanZoneSupported': False,
            'isEggDanceModeSupported': False,
            'isEggModeSupportedFromNewFeatures': False,
            'isExactCustomModeSupported': False,
            'isExhibitionFunctionSupported': False,
            'isFloorDirCleanAnyTimeSupported': False,
            'isFlowLedSettingSupported': False,
            'isFollowLowObsSupported': False,
            'isFullDuplesSwitchSupported': False,
            'isFwFilterObstacleSupported': False,
            'isGapDeepCleanSupported': False,
            'isGotoPureCleanPathSupported': False,
            'isHotWashTowelSupported': False,
            'isIdentifyRoomSupported': False,
            'isIgnoreUnknownMapObjectSupported': False,
            'isLdsLiftingSupported': False,
            'isLedStatusSwitchSupported': True,
            'isLeftWaterDrainSupported': False,
            'isLowAreaAccessSupported': False,
            'isMainBrushUpDownSupportedFromStr': False,
            'isMapBeautifyInternalDebugSupported': False,
            'isMapCarpetAddSupport': False,
            'isMapEraserSupported': False,
            'isMatterSupported': False,
            'isMaxPlusModeSupported': True,
            'isMaxZoneOpenedSupported': False,
            'isMechanicalArmModeSupported': False,
            'isMidwayBackToDockSupported': False,
            'isMinBattery15ToCleanTaskSupported': False,
            'isMopForbiddenSupported': True,
            'isMopPathSupported': False,
            'isMopShakeModuleSupported': True,
            'isMopShakeWaterMaxSupported': False,
            'isMultiFloorSupported': True,
            'isMultiMapSegmentTimerSupported': True,
            'isNewAiRecognitionSupported': False,
            'isNewDataForCleanHistory': False,
            'isNewDataForCleanHistoryDetail': False,
            'isNewEndpointSupported': False,
            'isNewRemoteViewSupported': True,
            'isNoNeedCarpetPressSetSupported': False,
            'isNonePureCleanMopWithMaxPlus': False,
            'isObjectDetectCheckSupported': False,
            'isOfflineMapSupported': False,
            'isOptimizeBatterySupported': False,
            'isOrderCleanSupported': True,
            'isOverSeaCtmSupported': False,
            'isPetSnapshotSupported': False,
            'isPetSuppliesDeepCleanSupported': False,
            'isProgramModeSupported': False,
            'isPumpingWaterSupported': False,
            'isPureCleanMopSupported': True,
            'isReSegmentSupported': True,
            'isRecordAllowed': False,
            'isRemoteSupported': True,
            'isRightBrushStretchSupported': False,
            'isRoomNameSupported': True,
            'isRpcRetrySupported': False,
            'isRubberBrushCarpetSupported': False,
            'isSetChildSupported': False,
            'isSettingCarpetFirstSupported': False,
            'isShakeMopSetSupported': False,
            'isShouldShowArmOverLoadSupported': False,
            'isShowCleanFinishReasonSupported': True,
            'isShowGeneralObstacleSupported': False,
            'isShowObstaclePhotoSupported': False,
            'isSideBrushLiftCarpetSupported': False,
            'isSmallSideMopSupported': False,
            'isSmartCleanModeSetSupported': False,
            'isSoakAndWashSupported': False,
            'isSoftCleanModeSupported': False,
            'isSrMapSupported': False,
            'isSuperDeepWashSupported': False,
            'isSupportApiAppStopGraspSupported': False,
            'isSupportBackupMap': True,
            'isSupportCleanEstimate': False,
            'isSupportCliffZone': False,
            'isSupportCustomCarpet': False,
            'isSupportCustomDnd': False,
            'isSupportCustomDoorSill': False,
            'isSupportCustomModeInCleaning': False,
            'isSupportFetchTimerSummary': True,
            'isSupportFloorDirection': False,
            'isSupportFloorEdit': False,
            'isSupportFurniture': False,
            'isSupportGetParticularStatusSupported': False,
            'isSupportIncrementalMap': False,
            'isSupportMainBrushUpDownSupported': False,
            'isSupportMopBackPwmSet': False,
            'isSupportQuickMapBuilder': True,
            'isSupportRemoteControlInCall': False,
            'isSupportRoomTag': False,
            'isSupportSetSwitchMapMode': False,
            'isSupportSetVolumeInCall': False,
            'isSupportSideBrushUpDownSupported': False,
            'isSupportSmartDoorSill': False,
            'isSupportSmartGlobalCleanWithCustomMode': False,
            'isSupportSmartScene': False,
            'isSupportStuckZone': False,
            'isSupportVoiceControlDebug': False,
            'isSupportWaterMode': True,
            'isSupportedDownloadTestVoice': False,
            'isSupportedDrying': False,
            'isSupportedValleyElectricity': False,
            'isSyncServerNameSupported': False,
            'isThreeDMappingInnerTestSupported': False,
            'isTidyupZonesSupported': False,
            'isTwoGearsNoCollisionSupported': False,
            'isTwoKeyRealTimeVideoSupported': False,
            'isTwoKeyRtvInChargingSupported': False,
            'isTypeIdentifySupported': False,
            'isUnsaveMapReasonSupported': True,
            'isUvcSterilizeSupported': False,
            'isVideoMonitorSupported': False,
            'isVideoPatrolSupported': False,
            'isVideoSettingSupported': False,
            'isVoiceControlLedSupported': False,
            'isVoiceControlSupported': False,
            'isWashThenChargeCmdSupported': False,
            'isWaterLeakCheckSupported': False,
            'isWaterSlideModeSupported': False,
            'isWaterUpDownDrainSupported': False,
            'isWifiManageSupported': False,
            'isWorkdayHolidaySupported': False,
          }),
          'led_status': dict({
            'status': 0,
          }),
          'network_info': dict({
            'ip': '**REDACTED**',
          }),
          'status': dict({
            'adbumperStatus': list([
              0,
              0,
              0,
            ]),
            'autoDustCollection': 1,
            'avoidCount': 19,
            'backType': -1,
            'battery': 100,
            'cameraStatus': 3457,
            'chargeStatus': 1,
            'cleanArea': 20965000,
            'cleanTime': 1176,
            'collisionAvoidStatus': 1,
            'debugMode': 0,
            'dndEnabled': 0,
            'dockErrorStatus': 0,
            'dockType': 3,
            'dustCollectionStatus': 0,
            'errorCode': 0,
            'fanPower': 102,
            'homeSecEnablePassword': 0,
            'homeSecStatus': 0,
            'inCleaning': 0,
            'inFreshState': 1,
            'inReturning': 0,
            'isExploring': 0,
            'isLocating': 0,
            'labStatus': 1,
            'lockStatus': 0,
            'mapPresent': 1,
            'mapStatus': 3,
            'mopForbiddenEnable': 1,
            'mopMode': 300,
            'msgSeq': 458,
            'msgVer': 2,
            'state': 8,
            'switchMapMode': 0,
            'unsaveMapFlag': 0,
            'unsaveMapReason': 0,
            'washPhase': 0,
            'washReady': 0,
            'waterBoxCarriageStatus': 1,
            'waterBoxMode': 203,
            'waterBoxStatus': 1,
            'waterShortageStatus': 0,
          }),
        }),
      }),
    ]),
    'discover_devices': 1,
    'fetch_home_data': 1,
    'home_data': dict({
      'devices': list([
        dict({
          'active_time': 1672364449,
          'attribute': None,
          'cid': None,
          'create_time': None,
          'device_status': dict({
            '120': 0,
            '121': 8,
            '122': 100,
            '123': 102,
            '124': 203,
            '125': 94,
            '126': 90,
            '127': 87,
            '128': 0,
            '133': 1,
          }),
          'duid': '******bc123',
          'extra': '{"RRPhotoPrivacyVersion": "1"}',
          'f': None,
          'feature_set': '2234201184108543',
          'fv': '02.56.02',
          'icon_url': 'no_url',
          'lat': '**REDACTED**',
          'local_key': 'key123key123key1',
          'lon': None,
          'name': '**REDACTED**',
          'new_feature_set': '0000000000002041',
          'online': True,
          'product_id': 'product-id-s7-maxv',
          'pv': '1.0',
          'room_id': 2362003,
          'runtime_env': None,
          'setting': None,
          'share': False,
          'share_expired_time': None,
          'share_time': None,
          'share_type': None,
          'silent_ota_switch': True,
          'sn': '**REDACTED**',
          'time_zone_id': 'America/Los_Angeles',
          'tuya_migrated': False,
          'tuya_uuid': None,
        }),
      ]),
      'geo_name': None,
      'id': '**REDACTED**',
      'lat': '**REDACTED**',
      'lon': None,
      'name': '**REDACTED**',
      'products': list([
        dict({
          'attribute': None,
          'capability': 0,
          'category': <RoborockCategory.VACUUM: 'robot.vacuum.cleaner'>,
          'code': 'a27',
          'icon_url': None,
          'id': '**REDACTED**',
          'model': 'roborock.vacuum.a27',
          'name': '**REDACTED**',
          'schema': '**REDACTED**',
        }),
      ]),
      'received_devices': list([
      ]),
      'rooms': list([
        dict({
          'id': '**REDACTED**',
          'name': '**REDACTED**',
        }),
        dict({
          'id': '**REDACTED**',
          'name': '**REDACTED**',
        }),
        dict({
          'id': '**REDACTED**',
          'name': '**REDACTED**',
        }),
      ]),
    }),
    'supported_devices': dict({
      '1.0': 1,
    }),
  })
# ---
